// Jest Snapshot v1, https://goo.gl/fbAQLP

exports[`Video shape Creates a shape: video 1`] = `
Object {
  "childIndex": 1,
  "data": Object {},
  "id": "video",
  "name": "Image",
  "parentId": "page",
  "point": Array [
    0,
    0,
  ],
  "rotation": 0,
  "size": Array [
    1,
    1,
  ],
  "style": Object {
    "color": "black",
    "dash": "draw",
    "isFilled": false,
    "scale": 1,
    "size": "small",
  },
  "type": "video",
}
`;
