// Jest Snapshot v1, https://goo.gl/fbAQLP

exports[`Embed shape Creates a shape: embed 1`] = `
Object {
  "assetId": "assetId",
  "childIndex": 1,
  "id": "embed",
  "name": "Embed",
  "parentId": "page",
  "point": Array [
    0,
    0,
  ],
  "rotation": 0,
  "size": Array [
    1,
    1,
  ],
  "style": Object {
    "color": "black",
    "dash": "draw",
    "isFilled": false,
    "scale": 1,
    "size": "small",
  },
  "type": "embed",
}
`;
